
> epoverse@0.1.0 build
> next build --turbopack

   Ôû▓ Next.js 15.5.12 (Turbopack)
   - Environments: .env.local

   Creating an optimized production build ...
 Ô£ô Finished writing to disk in 247ms
 Ô£ô Compiled successfully in 14.8s
   Linting and checking validity of types ...
node.exe : 
At C:\Program Files\n
odejs\npm.ps1:29 
char:3
+   & $NODE_EXE 
$NPM_CLI_JS $args
+   ~~~~~~~~~~~~~~~~~
~~~~~~~~~~~~
    + CategoryInfo   
           : NotSpe  
  cified: (:String   
 ) [], RemoteExce    
ption
    + FullyQualified 
   ErrorId : Native  
  CommandError
 
Failed to compile.

./src/app/(dashboard)
/post/edit/[id]/page.
tsx
16:36  Error: 
Unexpected any. 
Specify a different 
type.  @typescript-es
lint/no-explicit-any

./src/app/(dashboard)
/post/view/[id]/page.
tsx
6:10  Warning: 
'format' is defined 
but never used.  @typ
escript-eslint/no-unu
sed-vars
7:37  Warning: 'Tag' 
is defined but never 
used.  @typescript-es
lint/no-unused-vars
7:49  Warning: 
'MessageSquare' is 
defined but never 
used.  @typescript-es
lint/no-unused-vars
22:38  Error: 
Unexpected any. 
Specify a different 
type.  @typescript-es
lint/no-explicit-any
82:21  Warning: 
Using `<img>` could 
result in slower LCP 
and higher 
bandwidth. Consider 
using `<Image />` 
from `next/image` or 
a custom image 
loader to 
automatically 
optimize images. 
This may incur 
additional usage or 
cost from your 
provider. See: https:
//nextjs.org/docs/mes
sages/no-img-element 
 @next/next/no-img-el
ement

./src/app/(dashboard)
/story/edit/[id]/page
.tsx
214:37  Warning: 
Using `<img>` could 
result in slower LCP 
and higher 
bandwidth. Consider 
using `<Image />` 
from `next/image` or 
a custom image 
loader to 
automatically 
optimize images. 
This may incur 
additional usage or 
cost from your 
provider. See: https:
//nextjs.org/docs/mes
sages/no-img-element 
 @next/next/no-img-el
ement

./src/components/auth
/AuthPage.tsx
95:19  Error: 
Unexpected any. 
Specify a different 
type.  @typescript-es
lint/no-explicit-any
114:19  Error: 
Unexpected any. 
Specify a different 
type.  @typescript-es
lint/no-explicit-any

./src/components/auth
/LoginForm.tsx
50:19  Error: 
Unexpected any. 
Specify a different 
type.  @typescript-es
lint/no-explicit-any

./src/components/auth
/SignupForm.tsx
57:19  Error: 
Unexpected any. 
Specify a different 
type.  @typescript-es
lint/no-explicit-any

./src/components/post
-form.tsx
4:20  Warning: 
'useEffect' is 
defined but never 
used.  @typescript-es
lint/no-unused-vars
6:24  Warning: 
'Upload' is defined 
but never used.  @typ
escript-eslint/no-unu
sed-vars
98:11  Warning: 
'data' is assigned a 
value but never 
used.  @typescript-es
lint/no-unused-vars
111:25  Error: 
Unexpected any. 
Specify a different 
type.  @typescript-es
lint/no-explicit-any
111:70  Error: 
Unexpected any. 
Specify a different 
type.  @typescript-es
lint/no-explicit-any
120:87  Error: 
Unexpected any. 
Specify a different 
type.  @typescript-es
lint/no-explicit-any
122:87  Error: 
Unexpected any. 
Specify a different 
type.  @typescript-es
lint/no-explicit-any
130:34  Error: 
Unexpected any. 
Specify a different 
type.  @typescript-es
lint/no-explicit-any
132:33  Error: 
Unexpected any. 
Specify a different 
type.  @typescript-es
lint/no-explicit-any
136:32  Error: 
Unexpected any. 
Specify a different 
type.  @typescript-es
lint/no-explicit-any
137:34  Error: 
Unexpected any. 
Specify a different 
type.  @typescript-es
lint/no-explicit-any
138:38  Error: 
Unexpected any. 
Specify a different 
type.  @typescript-es
lint/no-explicit-any
378:33  Warning: 
Using `<img>` could 
result in slower LCP 
and higher 
bandwidth. Consider 
using `<Image />` 
from `next/image` or 
a custom image 
loader to 
automatically 
optimize images. 
This may incur 
additional usage or 
cost from your 
provider. See: https:
//nextjs.org/docs/mes
sages/no-img-element 
 @next/next/no-img-el
ement

./src/components/ui/d
ata-table.tsx
17:64  Warning: 
'Filter' is defined 
but never used.  @typ
escript-eslint/no-unu
sed-vars

info  - Need to 
disable some ESLint 
rules? Learn more 
here: https://nextjs.
org/docs/app/api-refe
rence/config/eslint#d
isabling-rules
