
> epoverse@0.1.0 build
> next build --turbopack

   Ôû▓ Next.js 15.5.12 (Turbopack)
   - Environments: .env.local

   Creating an optimized production build ...
 Ô£ô Finished writing to disk in 621ms
 Ô£ô Compiled successfully in 23.6s
   Linting and checking validity of types ...
node.exe : 
At C:\Program 
Files\nodejs\npm.ps1:29 char:3
+   & $NODE_EXE $NPM_CLI_JS 
$args
+   
~~~~~~~~~~~~~~~~~~~~~~~~~~~~~
    + CategoryInfo          : 
    NotSpecified: (:String)   
  [], RemoteException
    + FullyQualifiedErrorId : 
    NativeCommandError
 
Failed to compile.

./src/components/settings/user
-form-dialog.tsx
88:31  Error: Unexpected any. 
Specify a different type.  @ty
pescript-eslint/no-explicit-an
y
88:61  Error: Unexpected any. 
Specify a different type.  @ty
pescript-eslint/no-explicit-an
y
99:37  Error: Unexpected any. 
Specify a different type.  @ty
pescript-eslint/no-explicit-an
y

./src/components/ui/data-table
.tsx
17:10  Warning: 'ArrowUpDown' 
is defined but never used.  @t
ypescript-eslint/no-unused-var
s

./src/services/language-servic
e.ts
16:25  Error: Unexpected any. 
Specify a different type.  @ty
pescript-eslint/no-explicit-an
y

./src/services/user-service.ts
57:24  Error: Unexpected any. 
Specify a different type.  @ty
pescript-eslint/no-explicit-an
y
58:29  Error: Unexpected any. 
Specify a different type.  @ty
pescript-eslint/no-explicit-an
y
60:26  Error: Unexpected any. 
Specify a different type.  @ty
pescript-eslint/no-explicit-an
y
70:31  Error: Unexpected any. 
Specify a different type.  @ty
pescript-eslint/no-explicit-an
y
84:43  Error: Unexpected any. 
Specify a different type.  @ty
pescript-eslint/no-explicit-an
y

info  - Need to disable some 
ESLint rules? Learn more 
here: https://nextjs.org/docs/
app/api-reference/config/eslin
t#disabling-rules
